// Vitest Snapshot v1, https://vitest.dev/guide/snapshot.html

exports[`should render the page 1`] = `
<DocumentFragment>
  <main
    class="flex min-h-screen flex-col items-center justify-between p-24"
  >
    <h1
      class="🐻-3154563503"
    >
      Hello World
    </h1>
  </main>
</DocumentFragment>
`;
